\BOOKMARK [0][-]{section*.1}{\376\377\000L\000E\000M\000B\000A\000R\000\040\000P\000E\000N\000G\000E\000S\000A\000H\000A\000N}{}% 1
\BOOKMARK [0][-]{section*.2}{\376\377\000A\000P\000P\000R\000O\000V\000A\000L\000\040\000S\000H\000E\000E\000T}{}% 2
\BOOKMARK [0][-]{section*.3}{\376\377\000L\000E\000M\000B\000A\000R\000\040\000O\000R\000I\000S\000I\000N\000A\000L\000I\000T\000A\000S}{}% 3
\BOOKMARK [0][-]{section*.4}{\376\377\000S\000T\000A\000T\000E\000M\000E\000N\000T\000\040\000O\000F\000\040\000O\000R\000I\000G\000I\000N\000A\000L\000I\000T\000Y}{}% 4
\BOOKMARK [0][-]{chapter*.5}{\376\377\000A\000B\000S\000T\000R\000A\000K}{}% 5
\BOOKMARK [0][-]{chapter*.6}{\376\377\000A\000B\000S\000T\000R\000A\000C\000T}{}% 6
\BOOKMARK [0][-]{chapter*.7}{\376\377\000K\000A\000T\000A\000\040\000P\000E\000N\000G\000A\000N\000T\000A\000R}{}% 7
\BOOKMARK [0][-]{Item.20}{\376\377\000D\000A\000F\000T\000A\000R\000\040\000I\000S\000I}{}% 8
\BOOKMARK [0][-]{chapter*.21}{\376\377\000D\000A\000F\000T\000A\000R\000\040\000G\000A\000M\000B\000A\000R}{}% 9
\BOOKMARK [0][-]{chapter*.22}{\376\377\000D\000A\000F\000T\000A\000R\000\040\000T\000A\000B\000E\000L}{}% 10
\BOOKMARK [0][-]{chapter.24}{\376\377\0001\000\040\000P\000E\000N\000D\000A\000H\000U\000L\000U\000A\000N}{}% 11
\BOOKMARK [1][-]{section.25}{\376\377\0001\000.\0001\000\040\000L\000a\000t\000a\000r\000\040\000B\000e\000l\000a\000k\000a\000n\000g}{chapter.24}% 12
\BOOKMARK [1][-]{section.26}{\376\377\0001\000.\0002\000\040\000R\000u\000m\000u\000s\000a\000n\000\040\000M\000a\000s\000a\000l\000a\000h}{chapter.24}% 13
\BOOKMARK [1][-]{section.29}{\376\377\0001\000.\0003\000\040\000T\000u\000j\000u\000a\000n\000\040\000P\000e\000n\000e\000l\000i\000t\000i\000a\000n}{chapter.24}% 14
\BOOKMARK [1][-]{section.32}{\376\377\0001\000.\0004\000\040\000B\000a\000t\000a\000s\000a\000n\000\040\000M\000a\000s\000a\000l\000a\000h}{chapter.24}% 15
\BOOKMARK [1][-]{section.38}{\376\377\0001\000.\0005\000\040\000M\000a\000n\000f\000a\000a\000t\000\040\000P\000e\000n\000e\000l\000i\000t\000i\000a\000n}{chapter.24}% 16
\BOOKMARK [1][-]{section.42}{\376\377\0001\000.\0006\000\040\000K\000e\000b\000a\000r\000u\000a\000n\000\040\000P\000e\000n\000e\000l\000i\000t\000i\000a\000n}{chapter.24}% 17
\BOOKMARK [1][-]{section.46}{\376\377\0001\000.\0007\000\040\000S\000i\000s\000t\000e\000m\000a\000t\000i\000k\000a\000\040\000P\000e\000n\000u\000l\000i\000s\000a\000n}{chapter.24}% 18
\BOOKMARK [0][-]{chapter.47}{\376\377\0002\000\040\000T\000I\000N\000J\000A\000U\000A\000N\000\040\000P\000U\000S\000T\000A\000K\000A}{}% 19
\BOOKMARK [1][-]{section.48}{\376\377\0002\000.\0001\000\040\000T\000e\000o\000r\000i\000\040\000R\000e\000l\000a\000t\000i\000v\000i\000t\000a\000s\000\040\000U\000m\000u\000m}{chapter.47}% 20
\BOOKMARK [1][-]{section.51}{\376\377\0002\000.\0002\000\040\000S\000o\000l\000u\000s\000i\000\040\000S\000c\000h\000w\000a\000r\000z\000s\000c\000h\000i\000l\000d}{chapter.47}% 21
\BOOKMARK [2][-]{subsection.55}{\376\377\0002\000.\0002\000.\0001\000\040\000K\000o\000n\000s\000t\000a\000n\000t\000a\000\040\000K\000o\000s\000m\000o\000l\000o\000g\000i\000\040\000d\000a\000l\000a\000m\000\040\000R\000u\000a\000n\000g\000-\000W\000a\000k\000t\000u\000\040\000S\000c\000h\000w\000a\000r\000z\000s\000c\000h\000i\000l\000d}{section.51}% 22
\BOOKMARK [1][-]{section.57}{\376\377\0002\000.\0003\000\040\000L\000u\000b\000a\000n\000g\000\040\000H\000i\000t\000a\000m\000\040\000S\000c\000h\000w\000a\000r\000z\000s\000c\000h\000i\000l\000d}{chapter.47}% 23
\BOOKMARK [2][-]{subsection.64}{\376\377\0002\000.\0003\000.\0001\000\040\000L\000u\000b\000a\000n\000g\000\040\000H\000i\000t\000a\000m\000\040\000S\000c\000h\000w\000a\000r\000z\000s\000c\000h\000i\000l\000d\000\040\000A\000n\000t\000i\000-\000d\000e\000\040\000S\000i\000t\000t\000e\000r}{section.57}% 24
\BOOKMARK [1][-]{section.71}{\376\377\0002\000.\0004\000\040\000T\000e\000o\000r\000i\000\040\000P\000e\000r\000t\000u\000r\000b\000a\000s\000i\000\040\000L\000u\000b\000a\000n\000g\000\040\000H\000i\000t\000a\000m}{chapter.47}% 25
\BOOKMARK [2][-]{subsection.73}{\376\377\0002\000.\0004\000.\0001\000\040\000P\000e\000r\000t\000u\000r\000b\000a\000s\000i\000\040\000M\000e\000d\000a\000n\000\040\000S\000k\000a\000l\000a\000r}{section.71}% 26
\BOOKMARK [2][-]{subsection.86}{\376\377\0002\000.\0004\000.\0002\000\040\000P\000e\000r\000t\000u\000r\000b\000a\000s\000i\000\040\000M\000e\000d\000a\000n\000\040\000S\000k\000a\000l\000a\000r\000\040\000B\000e\000r\000m\000a\000s\000s\000a}{section.71}% 27
\BOOKMARK [1][-]{section.90}{\376\377\0002\000.\0005\000\040\000Q\000u\000a\000s\000i\000n\000o\000r\000m\000a\000l\000\040\000M\000o\000d\000e\000s\000\040\000\050\000Q\000N\000M\000\051}{chapter.47}% 28
\BOOKMARK [1][-]{section.97}{\376\377\0002\000.\0006\000\040\000M\000e\000t\000o\000d\000e\000\040\000F\000r\000o\000b\000e\000n\000i\000u\000s}{chapter.47}% 29
\BOOKMARK [2][-]{subsection.105}{\376\377\0002\000.\0006\000.\0001\000\040\000M\000e\000t\000o\000d\000e\000\040\000F\000r\000o\000b\000e\000n\000i\000u\000s\000\040\000p\000a\000d\000a\000\040\000S\000c\000h\000w\000a\000r\000z\000s\000c\000h\000i\000l\000d}{section.97}% 30
\BOOKMARK [2][-]{subsection.116}{\376\377\0002\000.\0006\000.\0002\000\040\000M\000e\000t\000o\000d\000e\000\040\000F\000r\000o\000b\000e\000n\000i\000u\000s\000\040\000p\000a\000d\000a\000\040\000S\000c\000h\000w\000a\000r\000z\000s\000c\000h\000i\000l\000d\000\040\000A\000n\000t\000i\000-\000d\000e\000\040\000S\000i\000t\000t\000e\000r}{section.97}% 31
\BOOKMARK [0][-]{chapter.123}{\376\377\0003\000\040\000M\000E\000T\000O\000D\000O\000L\000O\000G\000I}{}% 32
\BOOKMARK [1][-]{section.124}{\376\377\0003\000.\0001\000\040\000M\000e\000t\000o\000d\000e\000\040\000P\000e\000n\000e\000l\000i\000t\000i\000a\000n}{chapter.123}% 33
\BOOKMARK [1][-]{section.125}{\376\377\0003\000.\0002\000\040\000D\000i\000a\000g\000r\000a\000m\000\040\000A\000l\000i\000r\000\040\000M\000e\000t\000o\000d\000o\000l\000o\000g\000i}{chapter.123}% 34
\BOOKMARK [0][-]{chapter.127}{\376\377\0004\000\040\000H\000A\000S\000I\000L\000\040\000D\000A\000N\000\040\000P\000E\000M\000B\000A\000H\000A\000S\000A\000N}{}% 35
\BOOKMARK [1][-]{section.128}{\376\377\0004\000.\0001\000\040\000R\000e\000l\000a\000s\000i\000\040\000R\000e\000k\000u\000r\000s\000i\000f\000\040\000T\000i\000g\000a\000\040\000S\000u\000k\000u}{chapter.127}% 36
\BOOKMARK [2][-]{subsection.133}{\376\377\0004\000.\0001\000.\0001\000\040\000S\000c\000h\000w\000a\000r\000z\000s\000c\000h\000i\000l\000d}{section.128}% 37
\BOOKMARK [2][-]{subsection.143}{\376\377\0004\000.\0001\000.\0002\000\040\000S\000c\000h\000w\000a\000r\000z\000s\000c\000h\000i\000l\000d\000\040\000A\000n\000t\000i\000-\000d\000e\000\040\000S\000i\000t\000t\000e\000r}{section.128}% 38
\BOOKMARK [1][-]{section.149}{\376\377\0004\000.\0002\000\040\000S\000p\000e\000k\000t\000r\000u\000m\000\040\000F\000r\000e\000k\000u\000e\000n\000s\000i\000\040\000E\000i\000g\000e\000n\000\040\000M\000o\000d\000e\000\040\000K\000u\000a\000s\000i\000n\000o\000r\000m\000a\000l}{chapter.127}% 39
\BOOKMARK [2][-]{subsection.150}{\376\377\0004\000.\0002\000.\0001\000\040\000S\000c\000h\000w\000a\000r\000z\000s\000c\000h\000i\000l\000d}{section.149}% 40
\BOOKMARK [2][-]{subsection.157}{\376\377\0004\000.\0002\000.\0002\000\040\000S\000c\000h\000w\000a\000r\000z\000s\000c\000h\000i\000l\000d\000\040\000A\000n\000t\000i\000-\000d\000e\000\040\000S\000i\000t\000t\000e\000r}{section.149}% 41
\BOOKMARK [1][-]{section.164}{\376\377\0004\000.\0003\000\040\000K\000e\000s\000t\000a\000b\000i\000l\000a\000n\000\040\000L\000u\000b\000a\000n\000g\000\040\000H\000i\000t\000a\000m}{chapter.127}% 42
\BOOKMARK [0][-]{chapter.165}{\376\377\0005\000\040\000P\000E\000N\000U\000T\000U\000P}{}% 43
\BOOKMARK [1][-]{section.166}{\376\377\0005\000.\0001\000\040\000K\000e\000s\000i\000m\000p\000u\000l\000a\000n}{chapter.165}% 44
\BOOKMARK [1][-]{section.169}{\376\377\0005\000.\0002\000\040\000S\000a\000r\000a\000n}{chapter.165}% 45
\BOOKMARK [0][-]{chapter*.173}{\376\377\000D\000A\000F\000T\000A\000R\000\040\000P\000U\000S\000T\000A\000K\000A}{}% 46
\BOOKMARK [0][-]{appendix.174}{\376\377\000A\000\040\000P\000e\000n\000u\000r\000u\000n\000a\000n\000\040\000P\000e\000r\000s\000a\000m\000a\000a\000n\000\040\000M\000e\000d\000a\000n\000\040\000E\000i\000n\000s\000t\000e\000i\000n}{}% 47
\BOOKMARK [0][-]{appendix.200}{\376\377\000B\000\040\000P\000e\000n\000u\000r\000u\000n\000a\000n\000\040\000P\000e\000r\000s\000a\000m\000a\000a\000n\000\040\000P\000e\000r\000t\000u\000r\000b\000a\000s\000i\000\040\000M\000e\000d\000a\000n\000\040\000S\000k\000a\000l\000a\000r}{}% 48
\BOOKMARK [1][-]{section.201}{\376\377\000B\000.\0001\000\040\000P\000e\000n\000u\000r\000u\000n\000a\000n\000\040\000P\000e\000r\000s\000a\000m\000a\000a\000n\000\040\000P\000e\000r\000t\000u\000r\000b\000a\000s\000i\000\040\000M\000e\000d\000a\000n\000\040\000S\000k\000a\000l\000a\000r\000\040\000T\000a\000k\000\040\000B\000e\000r\000m\000a\000s\000s\000a}{appendix.200}% 49
\BOOKMARK [1][-]{section.224}{\376\377\000B\000.\0002\000\040\000P\000e\000n\000u\000r\000u\000n\000a\000n\000\040\000P\000e\000r\000s\000a\000m\000a\000a\000n\000\040\000P\000e\000r\000t\000u\000r\000b\000a\000s\000i\000\040\000M\000e\000d\000a\000n\000\040\000S\000k\000a\000l\000a\000r\000\040\000B\000e\000r\000m\000a\000s\000s\000a}{appendix.200}% 50
\BOOKMARK [0][-]{appendix.239}{\376\377\000C\000\040\000P\000e\000n\000u\000r\000u\000n\000a\000n\000\040\000R\000e\000l\000a\000s\000i\000\040\000R\000e\000k\000u\000r\000e\000n\000s\000i\000\040\000S\000c\000h\000w\000a\000r\000z\000s\000c\000h\000i\000l\000d}{}% 51
\BOOKMARK [1][-]{section.240}{\376\377\000C\000.\0001\000\040\000M\000e\000d\000a\000n\000\040\000S\000k\000a\000l\000a\000r\000\040\000T\000a\000k\000\040\000B\000e\000r\000m\000a\000s\000s\000a}{appendix.239}% 52
\BOOKMARK [1][-]{section.258}{\376\377\000C\000.\0002\000\040\000M\000e\000d\000a\000n\000\040\000S\000k\000a\000l\000a\000r\000\040\000B\000e\000r\000m\000a\000s\000s\000a}{appendix.239}% 53
\BOOKMARK [0][-]{appendix.308}{\376\377\000D\000\040\000P\000e\000n\000u\000r\000u\000n\000a\000n\000\040\000R\000e\000l\000a\000s\000i\000\040\000R\000e\000k\000u\000r\000e\000n\000s\000i\000\040\000S\000c\000h\000w\000a\000r\000z\000s\000c\000h\000i\000l\000d\000\040\000A\000n\000t\000i\000\040\000d\000e\000-\000S\000i\000t\000t\000e\000r}{}% 54
\BOOKMARK [1][-]{section.309}{\376\377\000D\000.\0001\000\040\000M\000e\000d\000a\000n\000\040\000S\000k\000a\000l\000a\000r\000\040\000T\000a\000k\000\040\000B\000e\000r\000m\000a\000s\000s\000a}{appendix.308}% 55
\BOOKMARK [1][-]{section.353}{\376\377\000D\000.\0002\000\040\000M\000e\000d\000a\000n\000\040\000S\000k\000a\000l\000a\000r\000\040\000B\000e\000r\000m\000a\000s\000s\000a}{appendix.308}% 56
\BOOKMARK [0][-]{appendix.412}{\376\377\000E\000\040\000A\000l\000g\000o\000r\000i\000t\000m\000a\000\040\000K\000o\000m\000p\000u\000t\000a\000s\000i\000\040\000F\000r\000e\000k\000u\000e\000n\000s\000i\000\040\000E\000i\000g\000e\000n\000\040\000S\000c\000h\000w\000a\000r\000z\000s\000c\000h\000i\000l\000d}{}% 57
\BOOKMARK [0][-]{appendix.525}{\376\377\000F\000\040\000A\000l\000g\000o\000r\000i\000t\000m\000a\000\040\000K\000o\000m\000p\000u\000t\000a\000s\000i\000\040\000F\000r\000e\000k\000u\000e\000n\000s\000i\000\040\000E\000i\000g\000e\000n\000\040\000S\000c\000h\000w\000a\000r\000z\000s\000c\000h\000i\000l\000d\000\040\000A\000n\000t\000i\000-\000d\000e\000\040\000S\000i\000t\000t\000e\000r}{}% 58
