\BOOKMARK [0][-]{Doc-Start}{\376\377\000H\000a\000l\000a\000m\000a\000n\000\040\000J\000u\000d\000u\000l}{}% 1
\BOOKMARK [0][-]{Doc-Start}{\376\377\000L\000e\000m\000b\000a\000r\000\040\000P\000e\000n\000g\000e\000s\000a\000h\000a\000n}{}% 2
\BOOKMARK [0][-]{Doc-Start}{\376\377\000L\000e\000m\000b\000a\000r\000\040\000O\000r\000i\000s\000i\000n\000a\000l\000i\000t\000a\000s}{}% 3
\BOOKMARK [0][-]{Doc-Start}{\376\377\000A\000b\000s\000t\000r\000a\000k}{}% 4
\BOOKMARK [0][-]{Doc-Start}{\376\377\000A\000b\000s\000t\000r\000a\000c\000t}{}% 5
\BOOKMARK [0][-]{Doc-Start}{\376\377\000K\000a\000t\000a\000\040\000P\000e\000n\000g\000a\000n\000t\000a\000r}{}% 6
\BOOKMARK [0][-]{chapter*.2}{\376\377\000D\000a\000f\000t\000a\000r\000\040\000I\000s\000i}{}% 7
\BOOKMARK [0][-]{chapter*.3}{\376\377\000D\000a\000f\000t\000a\000r\000\040\000G\000a\000m\000b\000a\000r}{}% 8
\BOOKMARK [0][-]{chapter.1}{\376\377\000T\000i\000n\000j\000a\000u\000a\000n\000\040\000P\000u\000s\000t\000a\000k\000a}{}% 9
\BOOKMARK [1][-]{section.1.1}{\376\377\000K\000a\000l\000k\000u\000l\000u\000s\000\040\000F\000r\000a\000k\000s\000i\000o\000n\000a\000l}{chapter.1}% 10
\BOOKMARK [2][-]{subsection.1.1.1}{\376\377\000D\000e\000r\000i\000v\000a\000t\000i\000f\000\040\000\046\000\040\000I\000n\000t\000e\000g\000r\000a\000l\000\040\000F\000r\000a\000k\000s\000i\000o\000n\000a\000l}{section.1.1}% 11
\BOOKMARK [2][-]{subsection.1.1.2}{\376\377\000F\000r\000a\000k\000t\000a\000l}{section.1.1}% 12
\BOOKMARK [1][-]{section.1.2}{\376\377\000M\000e\000k\000a\000n\000i\000k\000a\000\040\000K\000u\000a\000n\000t\000u\000m}{chapter.1}% 13
\BOOKMARK [2][-]{subsection.1.2.1}{\376\377\000P\000e\000r\000s\000a\000m\000a\000a\000n\000\040\000S\000c\000h\000r\000o\000d\000i\000n\000g\000e\000r}{section.1.2}% 14
\BOOKMARK [2][-]{subsection.1.2.2}{\376\377\000K\000a\000s\000u\000s\000\040\000K\000h\000u\000s\000u\000s\000:\000\040\000S\000u\000m\000u\000r\000\040\000P\000o\000t\000e\000n\000s\000i\000a\000l\000\040\000t\000a\000k\000\040\000H\000i\000n\000g\000g\000a}{section.1.2}% 15
\BOOKMARK [1][-]{section.1.3}{\376\377\000T\000e\000r\000m\000o\000d\000i\000n\000a\000m\000i\000k\000a\000\040\000K\000u\000a\000n\000t\000u\000m}{chapter.1}% 16
\BOOKMARK [2][-]{subsection.1.3.1}{\376\377\000S\000i\000k\000l\000u\000s\000\040\000C\000a\000r\000n\000o\000t\000\040\000K\000u\000a\000n\000t\000u\000m}{section.1.3}% 17
\BOOKMARK [2][-]{subsection.1.3.2}{\376\377\000S\000i\000k\000l\000u\000s\000\040\000O\000t\000t\000o\000\040\000K\000u\000a\000n\000t\000u\000m}{section.1.3}% 18
\BOOKMARK [2][-]{subsection.1.3.3}{\376\377\000S\000i\000k\000l\000u\000s\000\040\000B\000r\000a\000y\000t\000o\000n\000\040\000K\000u\000a\000n\000t\000u\000m}{section.1.3}% 19
\BOOKMARK [0][-]{chapter.2}{\376\377\000M\000e\000t\000o\000d\000o\000l\000o\000g\000i}{}% 20
\BOOKMARK [1][-]{section.2.1}{\376\377\000M\000e\000t\000o\000d\000e\000\040\000P\000e\000n\000e\000l\000i\000t\000i\000a\000n}{chapter.2}% 21
\BOOKMARK [1][-]{section.2.2}{\376\377\000D\000i\000a\000g\000r\000a\000m\000\040\000A\000l\000i\000r}{chapter.2}% 22
\BOOKMARK [0][-]{chapter.3}{\376\377\000M\000e\000s\000i\000n\000\040\000P\000a\000n\000a\000s\000\040\000K\000u\000a\000n\000t\000u\000m\000\040\000F\000r\000a\000k\000s\000i\000o\000n\000a\000l}{}% 23
\BOOKMARK [1][-]{section.3.1}{\376\377\000S\000i\000k\000l\000u\000s\000\040\000C\000a\000r\000n\000o\000t\000\040\000K\000u\000a\000n\000t\000u\000m\000\040\000F\000r\000a\000k\000s\000i\000o\000n\000a\000l}{chapter.3}% 24
\BOOKMARK [1][-]{section.3.2}{\376\377\000S\000i\000k\000l\000u\000s\000\040\000O\000t\000t\000o\000\040\000K\000u\000a\000n\000t\000u\000m\000\040\000F\000r\000a\000k\000s\000i\000o\000n\000a\000l}{chapter.3}% 25
\BOOKMARK [1][-]{section.3.3}{\376\377\000S\000i\000k\000l\000u\000s\000\040\000B\000r\000a\000y\000t\000o\000n\000\040\000K\000u\000a\000n\000t\000u\000m\000\040\000F\000r\000a\000k\000s\000i\000o\000n\000a\000l}{chapter.3}% 26
\BOOKMARK [1][-]{section.3.4}{\376\377\000D\000i\000s\000k\000u\000s\000i}{chapter.3}% 27
\BOOKMARK [0][-]{chapter.4}{\376\377\000P\000e\000n\000u\000t\000u\000p}{}% 28
\BOOKMARK [1][-]{section.4.1}{\376\377\000K\000e\000s\000i\000m\000p\000u\000l\000a\000n}{chapter.4}% 29
\BOOKMARK [1][-]{section.4.2}{\376\377\000S\000a\000r\000a\000n}{chapter.4}% 30
\BOOKMARK [0][-]{chapter*.30}{\376\377\000D\000a\000f\000t\000a\000r\000\040\000P\000u\000s\000t\000a\000k\000a}{}% 31
